#-----------------------------------------------------------
# Vivado v2026.1 (64-bit)
# SW Build 6511674 on Tue Jun 16 11:01:26 MDT 2026
# IP Build 6504888 on Tue Jun 09 09:05:25 MDT 2026
# SharedData Build 6501428 on Mon Jun 08 17:34:18 MDT 2026
# Start of session at: Sun Oct  4 14:30:48 2026
# Process ID         : 32703
# Current directory  : /home/jacobbem/School_Stuff/Fall 2026/CSE_490/Project_1/cse490_project1
# Command line       : vivado
# Log file           : /home/jacobbem/School_Stuff/Fall 2026/CSE_490/Project_1/cse490_project1/vivado.log
# Journal file       : /home/jacobbem/School_Stuff/Fall 2026/CSE_490/Project_1/cse490_project1/vivado.jou
# Running On         : COMPUTERBOOK
# Platform           : Fedora
# Operating System   : Fedora Linux 44 (KDE Plasma Desktop Edition)
# Processor Detail   : AMD Ryzen 7 8840HS w/ Radeon 780M Graphics
# CPU Frequency      : 1832.784 MHz
# CPU Physical cores : 8
# CPU Logical cores  : 16
# Host memory        : 14395 MB
# Swap memory        : 8589 MB
# Total Virtual      : 22985 MB
# Available Virtual  : 17672 MB
#-----------------------------------------------------------
start_gui
open_project {/home/jacobbem/School_Stuff/Fall 2026/CSE_490/Project_1/cse490_project1/16_bit_ISA/16_bit_ISA.xpr}
file mkdir /home/jacobbem/School_Stuff/Fall 2026/CSE_490/Project_1/cse490_project1/16_bit_ISA/16_bit_ISA.srcs/sources_1/new
file mkdir /home/jacobbem/School_Stuff/Fall 2026/CSE_490/Project_1/cse490_project1/16_bit_ISA/16_bit_ISA.srcs/sources_1/new
file mkdir /home/jacobbem/School_Stuff/Fall 2026/CSE_490/Project_1/cse490_project1/16_bit_ISA/16_bit_ISA.srcs/sources_1/new
file mkdir /home/jacobbem/School_Stuff/Fall 2026/CSE_490/Project_1/cse490_project1/16_bit_ISA/16_bit_ISA.srcs/sources_1/new
file mkdir /home/jacobbem/School_Stuff/Fall 2026/CSE_490/Project_1/cse490_project1/16_bit_ISA/16_bit_ISA.srcs/sources_1/new
file mkdir /home/jacobbem/School_Stuff/Fall 2026/CSE_490/Project_1/cse490_project1/16_bit_ISA/16_bit_ISA.srcs/sources_1/new
file mkdir {/home/jacobbem/School_Stuff/Fall 2026/CSE_490/Project_1/cse490_project1/16_bit_ISA/16_bit_ISA.srcs/sources_1/new}
close [ open {/home/jacobbem/School_Stuff/Fall 2026/CSE_490/Project_1/cse490_project1/16_bit_ISA/16_bit_ISA.srcs/sources_1/new/program_counter.v} w ]
add_files {{/home/jacobbem/School_Stuff/Fall 2026/CSE_490/Project_1/cse490_project1/16_bit_ISA/16_bit_ISA.srcs/sources_1/new/program_counter.v}}
update_compile_order -fileset sources_1
close [ open {/home/jacobbem/School_Stuff/Fall 2026/CSE_490/Project_1/cse490_project1/16_bit_ISA/16_bit_ISA.srcs/sources_1/new/program_instr.mem} w ]
add_files {{/home/jacobbem/School_Stuff/Fall 2026/CSE_490/Project_1/cse490_project1/16_bit_ISA/16_bit_ISA.srcs/sources_1/new/program_instr.mem}}
remove_files  {{/home/jacobbem/School_Stuff/Fall 2026/CSE_490/Project_1/cse490_project1/16_bit_ISA/16_bit_ISA.srcs/sources_1/new/program_instr.mem}}
close [ open {/home/jacobbem/School_Stuff/Fall 2026/CSE_490/Project_1/cse490_project1/16_bit_ISA/16_bit_ISA.srcs/sources_1/new/instr_mem.v} w ]
add_files {{/home/jacobbem/School_Stuff/Fall 2026/CSE_490/Project_1/cse490_project1/16_bit_ISA/16_bit_ISA.srcs/sources_1/new/instr_mem.v}}
update_compile_order -fileset sources_1
close [ open {/home/jacobbem/School_Stuff/Fall 2026/CSE_490/Project_1/cse490_project1/16_bit_ISA/16_bit_ISA.srcs/sources_1/new/data_mem.v} w ]
add_files {{/home/jacobbem/School_Stuff/Fall 2026/CSE_490/Project_1/cse490_project1/16_bit_ISA/16_bit_ISA.srcs/sources_1/new/data_mem.v}}
update_compile_order -fileset sources_1
close [ open {/home/jacobbem/School_Stuff/Fall 2026/CSE_490/Project_1/cse490_project1/16_bit_ISA/16_bit_ISA.srcs/sources_1/new/control_unit.v} w ]
add_files {{/home/jacobbem/School_Stuff/Fall 2026/CSE_490/Project_1/cse490_project1/16_bit_ISA/16_bit_ISA.srcs/sources_1/new/control_unit.v}}
update_compile_order -fileset sources_1
