INFO: [Common 17-3922] A valid Vivado Design Suite BASIC license has been detected. Your current license is active and will expire on 09-sep-2027.
#-----------------------------------------------------------
# Vivado v2026.1 (64-bit)
# SW Build 6511674 on Tue Jun 16 11:01:26 MDT 2026
# IP Build 6504888 on Tue Jun 09 09:05:25 MDT 2026
# SharedData Build 6501428 on Mon Jun 08 17:34:18 MDT 2026
# Start of session at: Wed Sep 30 16:25:36 2026
# Process ID         : 19694
# Current directory  : /home/jacobbem/School Stuff/Fall 2026/CSE_490/Project_1/cse490_project1
# Command line       : vivado
# Log file           : /home/jacobbem/School Stuff/Fall 2026/CSE_490/Project_1/cse490_project1/vivado.log
# Journal file       : /home/jacobbem/School Stuff/Fall 2026/CSE_490/Project_1/cse490_project1/vivado.jou
# Running On         : COMPUTERBOOK
# Platform           : Fedora
# Operating System   : Fedora Linux 44 (KDE Plasma Desktop Edition)
# Processor Detail   : AMD Ryzen 7 8840HS w/ Radeon 780M Graphics
# CPU Frequency      : 1136.386 MHz
# CPU Physical cores : 8
# CPU Logical cores  : 16
# Host memory        : 14395 MB
# Swap memory        : 8589 MB
# Total Virtual      : 22985 MB
# Available Virtual  : 17458 MB
#-----------------------------------------------------------
start_gui
create_project 16_bit_ISA {/home/jacobbem/School Stuff/Fall 2026/CSE_490/Project_1/cse490_project1/16_bit_ISA} -part xc7a35tcpg236-1
INFO: [IP_Flow 19-234] Refreshing IP repositories
INFO: [IP_Flow 19-1704] No user IP repositories specified
INFO: [IP_Flow 19-2313] Loaded Vivado IP repository '/opt/Xilinx/2026.1/data/ip'.
exit
INFO: [Common 17-206] Exiting Vivado at Wed Sep 30 16:33:50 2026...
